app/admin/citas/page.tsx(12,23): error TS2307: Cannot find module 'react-hot-toast' or its corresponding type declarations.
app/admin/login/page.tsx(11,23): error TS2307: Cannot find module 'react-hot-toast' or its corresponding type declarations.
app/api/admin/appointments/route.ts(56,58): error TS2345: Argument of type '{ date: string; status: string; time: string; patient_name: string; patient_phone: string; patient_email: string; reason?: any; is_first_visit?: boolean | undefined; notes?: string | undefined; }' is not assignable to parameter of type 'Partial<Appointment>'.
  Types of property 'status' are incompatible.
    Type 'string' is not assignable to type 'AppointmentStatus | undefined'.
app/api/appointments/[id]/route.ts(4,10): error TS2305: Module '"@/lib/auth"' has no exported member 'authOptions'.
app/api/appointments/route.ts(4,10): error TS2305: Module '"@/lib/auth"' has no exported member 'authOptions'.
app/api/appointments/today-schedule/route.ts(4,10): error TS2305: Module '"@/lib/auth"' has no exported member 'authOptions'.
app/api/auth/[...nextauth]/route.ts(2,10): error TS2305: Module '"@/lib/auth"' has no exported member 'authOptions'.
app/api/blocked-slots/route.ts(4,10): error TS2305: Module '"@/lib/auth"' has no exported member 'authOptions'.
components/admin/AdminModals.tsx(61,99): error TS2322: Type '{ selected: Date | undefined; onSelect: Dispatch<SetStateAction<Date | undefined>>; disabled: (d: any) => boolean; }' is not assignable to type 'IntrinsicAttributes & DatePickerProps'.
  Property 'disabled' does not exist on type 'IntrinsicAttributes & DatePickerProps'.
components/admin/AdminModals.tsx(61,110): error TS7006: Parameter 'd' implicitly has an 'any' type.
components/admin/AdminNavbar.tsx(10,23): error TS2307: Cannot find module 'react-hot-toast' or its corresponding type declarations.
components/admin/AppointmentDetailModal.tsx(14,23): error TS2307: Cannot find module 'react-hot-toast' or its corresponding type declarations.
components/admin/BlockSlotModal.tsx(9,23): error TS2307: Cannot find module 'react-hot-toast' or its corresponding type declarations.
components/admin/CancelModal.tsx(10,23): error TS2307: Cannot find module 'react-hot-toast' or its corresponding type declarations.
components/admin/DaySchedulePanel.tsx(13,23): error TS2307: Cannot find module 'react-hot-toast' or its corresponding type declarations.
components/admin/ManualAppointmentModal.tsx(12,23): error TS2307: Cannot find module 'react-hot-toast' or its corresponding type declarations.
components/admin/RescheduleModal.tsx(12,23): error TS2307: Cannot find module 'react-hot-toast' or its corresponding type declarations.
components/admin/ToastProvider.tsx(5,25): error TS2307: Cannot find module 'react-hot-toast' or its corresponding type declarations.
components/dashboard/RescheduleModal.tsx(82,15): error TS2322: Type '{ selected: Date | undefined; onSelect: Dispatch<SetStateAction<Date | undefined>>; disabled: (date: any) => boolean; }' is not assignable to type 'IntrinsicAttributes & DatePickerProps'.
  Property 'disabled' does not exist on type 'IntrinsicAttributes & DatePickerProps'.
components/dashboard/RescheduleModal.tsx(82,26): error TS7006: Parameter 'date' implicitly has an 'any' type.
lib/auth.ts(4,20): error TS2307: Cannot find module 'bcryptjs' or its corresponding type declarations.
lib/session.ts(3,32): error TS2307: Cannot find module 'iron-session' or its corresponding type declarations.
middleware.ts(4,34): error TS2307: Cannot find module 'next/request' or its corresponding type declarations.
middleware.ts(5,32): error TS2307: Cannot find module 'iron-session/edge' or its corresponding type declarations.
